// Jest Snapshot v1, https://goo.gl/fbAQLP

exports[`Footer test cases Should match previous snapshot 1`] = `
<DocumentFragment>
  <header
    class="MuiPaper-root MuiPaper-elevation MuiPaper-elevation4 MuiAppBar-root MuiAppBar-colorPrimary MuiAppBar-positionFixed mui-fixed css-4zl1qb-MuiPaper-root-MuiAppBar-root"
  >
    <div
      class="MuiToolbar-root MuiToolbar-gutters MuiToolbar-regular css-hyum1k-MuiToolbar-root"
    >
      <div
        class="MuiTypography-root MuiTypography-h6 css-1t4mx1v-MuiTypography-root"
      >
        E-MerchantPay
      </div>
    </div>
  </header>
</DocumentFragment>
`;
