// Jest Snapshot v1, https://goo.gl/fbAQLP

exports[`Header test cases Should match previous snapshot 1`] = `
<DocumentFragment>
  <div
    class="MuiBox-root css-qcqlej"
  >
    <header
      class="MuiPaper-root MuiPaper-elevation MuiPaper-elevation4 MuiAppBar-root MuiAppBar-colorPrimary MuiAppBar-positionStatic css-1m7hp5s-MuiPaper-root-MuiAppBar-root"
    >
      <div
        class="MuiToolbar-root MuiToolbar-gutters MuiToolbar-regular css-hyum1k-MuiToolbar-root"
      >
        <h6
          class="MuiTypography-root MuiTypography-h6 css-1juivf6-MuiTypography-root"
        >
          E-MerchantPay
        </h6>
        <div
          class="MuiBox-root css-0"
        >
          <button
            aria-haspopup="true"
            aria-label="menu"
            class="MuiButtonBase-root MuiIconButton-root MuiIconButton-colorInherit MuiIconButton-edgeStart MuiIconButton-sizeLarge css-ancrnh-MuiButtonBase-root-MuiIconButton-root"
            id="basic-button"
            tabindex="0"
            type="button"
          >
            <svg
              aria-hidden="true"
              class="MuiSvgIcon-root MuiSvgIcon-fontSizeMedium css-i4bv87-MuiSvgIcon-root"
              data-testid="MenuIcon"
              focusable="false"
              viewBox="0 0 24 24"
            >
              <path
                d="M3 18h18v-2H3v2zm0-5h18v-2H3v2zm0-7v2h18V6H3z"
              />
            </svg>
            <span
              class="MuiTouchRipple-root css-8je8zh-MuiTouchRipple-root"
            />
          </button>
        </div>
      </div>
    </header>
  </div>
</DocumentFragment>
`;
