// Jest Snapshot v1, https://goo.gl/fbAQLP

exports[`Unit Test cases for TextFields Should match previous snapshot 1`] = `
<DocumentFragment>
  <div
    class="MuiFormControl-root MuiTextField-root css-163wcxk-MuiFormControl-root-MuiTextField-root"
  >
    <label
      class="MuiFormLabel-root MuiInputLabel-root MuiInputLabel-formControl MuiInputLabel-animated MuiInputLabel-outlined MuiFormLabel-colorPrimary MuiFormLabel-filled css-14s5rfu-MuiFormLabel-root-MuiInputLabel-root"
      data-shrink="false"
      for=":r0:"
      id=":r0:-label"
    >
      Textfield
    </label>
    <div
      class="MuiInputBase-root MuiOutlinedInput-root MuiInputBase-colorPrimary MuiInputBase-formControl css-9ddj71-MuiInputBase-root-MuiOutlinedInput-root"
    >
      <input
        aria-invalid="false"
        class="MuiInputBase-input MuiOutlinedInput-input css-1t8l2tu-MuiInputBase-input-MuiOutlinedInput-input"
        id=":r0:"
        name="textField"
        placeholder="unique placeholder"
        type="text"
        value="inputVal"
      />
      <fieldset
        aria-hidden="true"
        class="MuiOutlinedInput-notchedOutline css-1d3z3hw-MuiOutlinedInput-notchedOutline"
      >
        <legend
          class="css-yjsfm1"
        >
          <span>
            Textfield
          </span>
        </legend>
      </fieldset>
    </div>
  </div>
</DocumentFragment>
`;
